+ directory-metadata
+ whoami
saulius
+ hostname -f
starta
+ pwd
/home/saulius/writings/Journal-Research-Data-Policy/data/processed
+ set +x
+ git remote -v
origin	git@github.com:daemoncost/Journal-Research-Data-Policy.git (fetch)
origin	git@github.com:daemoncost/Journal-Research-Data-Policy.git (push)
+ git branch -v
  dev               aea9230 Merge pull request #32 from daemoncost/Correct-RCS
  fix_bentham       47bb5f3 Updated a lot of code file
  fix_fix_bentham   3746d18 [ahead 1] Patching question identifiers to their new (text-based) format.
* saulius-merge-all 705dc59 [ahead 14] Merge branch 'dev' into saulius-merge-all
+ git status
On branch saulius-merge-all
Your branch is ahead of 'origin/saulius-merge-all' by 14 commits.
  (use "git push" to publish your local commits)

Changes not staged for commit:
  (use "git add <file>..." to update what will be committed)
  (use "git restore <file>..." to discard changes in working directory)
	modified:   find-sed-patch-yaml.log

no changes added to commit (use "git add" and/or "git commit -a")
+ df -h .
Filesystem      Size  Used Avail Use% Mounted on
/dev/nvme1n1p1  1,9T  1,6T  168G  91% /home
+ type osname
osname is /home/saulius/scripts/osname
+ osname
Linuxmint-20.3
+ uname -a
Linux starta 5.15.0-78-generic #85~20.04.1-Ubuntu SMP Mon Jul 17 09:42:39 UTC 2023 x86_64 x86_64 x86_64 GNU/Linux
+ date
2025-02-03T17:29:02 EET
+ sort -z
+ find all_answers/ -name '*.yaml' -type f -print0
+ xargs -n1 -t -0 sed -i -f patch_question_identifiers.sed
sed -i -f patch_question_identifiers.sed all_answers/AIP/aip_advances.yaml 
sed -i -f patch_question_identifiers.sed all_answers/AIP/apl_materials.yaml 
sed -i -f patch_question_identifiers.sed all_answers/AIP/apl_photonics.yaml 
sed -i -f patch_question_identifiers.sed all_answers/AIP/applied_physics_letters.yaml 
sed -i -f patch_question_identifiers.sed all_answers/AIP/applied_physics_reviews.yaml 
sed -i -f patch_question_identifiers.sed all_answers/AIP/chinese_journal_of_chemical_physics.yaml 
sed -i -f patch_question_identifiers.sed all_answers/AIP/journal_of_applied_physics.yaml 
sed -i -f patch_question_identifiers.sed all_answers/AIP/journal_of_mathematical_physics.yaml 
sed -i -f patch_question_identifiers.sed all_answers/AIP/low_temperature_physics.yaml 
sed -i -f patch_question_identifiers.sed all_answers/AIP/physics_of_fluids.yaml 
sed -i -f patch_question_identifiers.sed all_answers/AIP/physics_of_plasmas.yaml 
sed -i -f patch_question_identifiers.sed all_answers/AIP/review_of_scientific_instruments.yaml 
sed -i -f patch_question_identifiers.sed all_answers/AIP/structural_dynamics.yaml 
sed -i -f patch_question_identifiers.sed all_answers/AIP/the_journal_of_chemical_physics.yaml 
sed -i -f patch_question_identifiers.sed all_answers/APS/physical_review_a.yaml 
sed -i -f patch_question_identifiers.sed all_answers/APS/physical_review_applied.yaml 
sed -i -f patch_question_identifiers.sed all_answers/APS/physical_review_b.yaml 
sed -i -f patch_question_identifiers.sed all_answers/APS/physical_review_c.yaml 
sed -i -f patch_question_identifiers.sed all_answers/APS/physical_review_d.yaml 
sed -i -f patch_question_identifiers.sed all_answers/APS/physical_review_e.yaml 
sed -i -f patch_question_identifiers.sed all_answers/APS/physical_review_letters.yaml 
sed -i -f patch_question_identifiers.sed all_answers/APS/physical_review_materials.yaml 
sed -i -f patch_question_identifiers.sed all_answers/APS/physical_review_research.yaml 
sed -i -f patch_question_identifiers.sed all_answers/APS/physical_review_x.yaml 
sed -i -f patch_question_identifiers.sed all_answers/APS/prx_quantum.yaml 
sed -i -f patch_question_identifiers.sed 'all_answers/Bentham Science/current_nanoscience.yaml' 
sed -i -f patch_question_identifiers.sed 'all_answers/Bentham Science/current_organic_chemistry.yaml' 
sed -i -f patch_question_identifiers.sed 'all_answers/Bentham Science/current_organic_synthesis.yaml' 
sed -i -f patch_question_identifiers.sed 'all_answers/Bentham Science/current_organocatalysis.yaml' 
sed -i -f patch_question_identifiers.sed 'all_answers/Bentham Science/letters_in_organic_chemistry.yaml' 
sed -i -f patch_question_identifiers.sed 'all_answers/Bentham Science/mini-reviews_in_organic_chemistry.yaml' 
sed -i -f patch_question_identifiers.sed all_answers/Frontiers/frontiers_in_bioengineering_and_biotechnology.yaml 
sed -i -f patch_question_identifiers.sed all_answers/Frontiers/frontiers_in_chemical_engineering.yaml 
sed -i -f patch_question_identifiers.sed all_answers/Frontiers/frontiers_in_chemistry.yaml 
sed -i -f patch_question_identifiers.sed all_answers/Frontiers/frontiers_in_energy_research.yaml 
sed -i -f patch_question_identifiers.sed all_answers/Frontiers/frontiers_in_materials.yaml 
sed -i -f patch_question_identifiers.sed all_answers/Frontiers/frontiers_in_nanotechnology.yaml 
sed -i -f patch_question_identifiers.sed all_answers/Frontiers/frontiers_in_physics.yaml 
sed -i -f patch_question_identifiers.sed all_answers/IOP/2d_materials.yaml 
sed -i -f patch_question_identifiers.sed all_answers/IOP/iop_conference_series_materials_science_and_engineering.yaml 
sed -i -f patch_question_identifiers.sed all_answers/IOP/journal_of_physics_condensed_matter.yaml 
sed -i -f patch_question_identifiers.sed all_answers/IOP/journal_of_physics_energy.yaml 
sed -i -f patch_question_identifiers.sed all_answers/IOP/journal_of_physics_photonics.yaml 
sed -i -f patch_question_identifiers.sed all_answers/IOP/journal_of_semiconductors.yaml 
sed -i -f patch_question_identifiers.sed all_answers/IOP/nanotechnology.yaml 
sed -i -f patch_question_identifiers.sed all_answers/IOP/quantum_science_and_technology.yaml 
sed -i -f patch_question_identifiers.sed all_answers/IOP/smart_materials_and_structures.yaml 
sed -i -f patch_question_identifiers.sed all_answers/Optica/applied_optics.yaml 
sed -i -f patch_question_identifiers.sed all_answers/Optica/biomedical_optics_express.yaml 
sed -i -f patch_question_identifiers.sed all_answers/Optica/journal_of_the_optical_society_of_america_b.yaml 
sed -i -f patch_question_identifiers.sed all_answers/Optica/optica.yaml 
sed -i -f patch_question_identifiers.sed all_answers/Optica/optical_materials_express.yaml 
sed -i -f patch_question_identifiers.sed all_answers/Optica/optics_continuum.yaml 
sed -i -f patch_question_identifiers.sed all_answers/Optica/optics_express.yaml 
sed -i -f patch_question_identifiers.sed all_answers/Optica/optics_letters.yaml 
sed -i -f patch_question_identifiers.sed all_answers/Optica/photonics_research.yaml 
sed -i -f patch_question_identifiers.sed all_answers/RSC/chemical_communications.yaml 
sed -i -f patch_question_identifiers.sed all_answers/RSC/dalton_transactions.yaml 
sed -i -f patch_question_identifiers.sed all_answers/RSC/digital_discovery.yaml 
sed -i -f patch_question_identifiers.sed all_answers/RSC/energy_advances.yaml 
sed -i -f patch_question_identifiers.sed all_answers/RSC/energy_and_environmental_science.yaml 
sed -i -f patch_question_identifiers.sed all_answers/RSC/environmental_science_nano.yaml 
sed -i -f patch_question_identifiers.sed all_answers/RSC/journal_of_materials_chemistry_a.yaml 
sed -i -f patch_question_identifiers.sed all_answers/RSC/nanoscale_advances.yaml 
sed -i -f patch_question_identifiers.sed all_answers/RSC/physical_chemistry_chemical_physics.yaml 
sed -i -f patch_question_identifiers.sed 'all_answers/Springer Nature/biomedical_microdevices.yaml' 
sed -i -f patch_question_identifiers.sed 'all_answers/Springer Nature/journal_of_materials_science_materials_in_electronics.yaml' 
sed -i -f patch_question_identifiers.sed 'all_answers/Springer Nature/materials_science.yaml' 
sed -i -f patch_question_identifiers.sed 'all_answers/Springer Nature/medicinal_chemistry_research.yaml' 
sed -i -f patch_question_identifiers.sed 'all_answers/Springer Nature/nano-micro_letters.yaml' 
sed -i -f patch_question_identifiers.sed 'all_answers/Springer Nature/nature.yaml' 
sed -i -f patch_question_identifiers.sed 'all_answers/Springer Nature/nature_communications.yaml' 
sed -i -f patch_question_identifiers.sed 'all_answers/Springer Nature/nature_energy.yaml' 
sed -i -f patch_question_identifiers.sed 'all_answers/Springer Nature/scientific_reports.yaml' 
sed -i -f patch_question_identifiers.sed 'all_answers/Taylor & Francis/advanced_composite_materials.yaml' 
sed -i -f patch_question_identifiers.sed 'all_answers/Taylor & Francis/analytical_letters.yaml' 
sed -i -f patch_question_identifiers.sed 'all_answers/Taylor & Francis/ferroelectrics.yaml' 
sed -i -f patch_question_identifiers.sed 'all_answers/Taylor & Francis/green_chemistry_letters_and_reviews.yaml' 
sed -i -f patch_question_identifiers.sed 'all_answers/Taylor & Francis/international_journal_of_nanomedicine.yaml' 
sed -i -f patch_question_identifiers.sed 'all_answers/Taylor & Francis/journal_of_asian_ceramic_societies.yaml' 
sed -i -f patch_question_identifiers.sed 'all_answers/Taylor & Francis/journal_of_macromolecular_science_part_b.yaml' 
sed -i -f patch_question_identifiers.sed 'all_answers/Taylor & Francis/liquid_crystals.yaml' 
sed -i -f patch_question_identifiers.sed 'all_answers/Taylor & Francis/materials_research_letters.yaml' 
sed -i -f patch_question_identifiers.sed 'all_answers/Taylor & Francis/molecular_crystals_and_liquid_crystals.yaml' 
sed -i -f patch_question_identifiers.sed 'all_answers/Taylor & Francis/molecular_physics.yaml' 
sed -i -f patch_question_identifiers.sed 'all_answers/Taylor & Francis/nanotoxicology.yaml' 
sed -i -f patch_question_identifiers.sed 'all_answers/Taylor & Francis/polycyclic_aromatic_compounds.yaml' 
sed -i -f patch_question_identifiers.sed 'all_answers/Taylor & Francis/science_and_technology_of_advanced_materials.yaml' 
sed -i -f patch_question_identifiers.sed 'all_answers/Taylor & Francis/waves_in_random_and_complex_media.yaml' 
